// Jest Snapshot v1, https://goo.gl/fbAQLP

exports[`ProductCards test should render correctly 1`] = `
<DocumentFragment>
  <div
    class="product-card"
  >
    <div
      class="product-card__text"
    >
      <h2
        class="product-card__name"
      >
        Test Product
      </h2>
      <div
        class="product-card__description"
      >
        This is a test description
      </div>
      <h1
        class="product-card__price"
      >
        1000 ₽
      </h1>
      <div
        class="product-card__category"
      >
        Для дома
      </div>
    </div>
    <img
      alt="Test Product"
      class="product-card__image"
      src="/test-image-url.jpg"
    />
  </div>
</DocumentFragment>
`;
