// Jest Snapshot v1, https://goo.gl/fbAQLP

exports[`ProductCard test should render product information correctly 1`] = `
<DocumentFragment>
  <div
    class="product-card"
  >
    <div
      class="product-card__text"
    >
      <h2
        class="product-card__name"
      >
        Телефон
      </h2>
      <div
        class="product-card__description"
      >
        Описание продукта 1
      </div>
      <h1
        class="product-card__price"
      >
        100 ₽
      </h1>
      <div
        class="product-card__category"
      >
        Электроника
      </div>
    </div>
  </div>
</DocumentFragment>
`;
